{
  "bomFormat": "CycloneDX",
  "specVersion": "1.4",
  "serialNumber": "urn:uuid:c283a9bb-93f1-49fb-9605-110b5f005a74",
  "version": 1,
  "metadata": {
    "timestamp": "2023-05-15T09:49:59+00:00",
    "tools": [
      {
        "vendor": "aquasecurity",
        "name": "trivy",
        "version": "dev"
      }
    ],
    "component": {
      "bom-ref": "6497c0eb-7ca3-401e-b1f6-29234b2ec32c",
      "type": "application",
      "name": "testdata/fixtures/fs/conda",
      "properties": [
        {
          "name": "aquasecurity:trivy:SchemaVersion",
          "value": "2"
        }
      ]
    }
  },
  "components": [
    {
      "bom-ref": "pkg:conda/openssl@1.1.1q?file_path=miniconda3%2Fenvs%2Ftestenv%2Fconda-meta%2Fopenssl-1.1.1q-h7f8727e_0.json",
      "type": "library",
      "name": "openssl",
      "version": "1.1.1q",
      "licenses": [
        {
          "expression": "OpenSSL"
        }
      ],
      "purl": "pkg:conda/openssl@1.1.1q",
      "properties": [
        {
          "name": "aquasecurity:trivy:PkgType",
          "value": "conda-pkg"
        },
        {
          "name": "aquasecurity:trivy:FilePath",
          "value": "miniconda3/envs/testenv/conda-meta/openssl-1.1.1q-h7f8727e_0.json"
        }
      ]
    },
    {
      "bom-ref": "pkg:conda/pip@22.2.2?file_path=miniconda3%2Fenvs%2Ftestenv%2Fconda-meta%2Fpip-22.2.2-py38h06a4308_0.json",
      "type": "library",
      "name": "pip",
      "version": "22.2.2",
      "licenses": [
        {
          "expression": "MIT"
        }
      ],
      "purl": "pkg:conda/pip@22.2.2",
      "properties": [
        {
          "name": "aquasecurity:trivy:PkgType",
          "value": "conda-pkg"
        },
        {
          "name": "aquasecurity:trivy:FilePath",
          "value": "miniconda3/envs/testenv/conda-meta/pip-22.2.2-py38h06a4308_0.json"
        }
      ]
    }
  ],
  "dependencies": [
    {
      "ref": "6497c0eb-7ca3-401e-b1f6-29234b2ec32c",
      "dependsOn": [
        "pkg:conda/openssl@1.1.1q?file_path=miniconda3%2Fenvs%2Ftestenv%2Fconda-meta%2Fopenssl-1.1.1q-h7f8727e_0.json",
        "pkg:conda/pip@22.2.2?file_path=miniconda3%2Fenvs%2Ftestenv%2Fconda-meta%2Fpip-22.2.2-py38h06a4308_0.json"
      ]
    }
  ],
  "vulnerabilities": []
}
